// Jest Snapshot v1, https://goo.gl/fbAQLP

exports[`Test <GifGridItem /> Es Mostra Correctament 1`] = `
<div
  className="card animate__animated animate__fadeIn"
>
  <img
    alt="Un título"
    src="https://localhost/img.jpg"
  />
  <p>
    Un título
  </p>
</div>
`;
